// Jest Snapshot v1, https://goo.gl/fbAQLP

exports[`matches snapshot 1`] = `
<DocumentFragment>
  <div
    class="HotelForm"
  >
    <div
      class="container col-md-8 offset-md-2 col-lg-4 offset-lg-4"
    >
      <h2
        class="mb-3"
      >
        Search Hotels
      </h2>
      <div
        class="card"
      >
        <div
          class="card-body"
        >
          <form>
            <label>
              City:
              <input
                type="text"
                value=""
              />
            </label>
            <button
              class="btn btn-primary ml-2 fw-normal"
              type="button"
            >
              Fetch Choices
            </button>
            <div />
            <div
              class="mt-3"
            >
              <label
                for="arr_date"
              >
                Arrival Date 
              </label>
              <input
                id="arr_date"
                name="arr_date"
                type="date"
                value=""
              />
            </div>
            <div
              class="mt-3 mb-3"
            >
              <label
                for="dept_date"
              >
                Departure Date 
              </label>
              <input
                id="dept_date"
                name="dept_date"
                type="date"
                value=""
              />
            </div>
            <button
              class="btn btn-success"
              type="submit"
            >
              Submit
            </button>
          </form>
        </div>
      </div>
    </div>
  </div>
  <div
    class="mt-4 col-md-8 offset-md-2"
  />
</DocumentFragment>
`;
