// Jest Snapshot v1, https://goo.gl/fbAQLP

exports[`matches snapshot 1`] = `
<DocumentFragment>
  <div
    class="LoadingSpinner"
    data-testid="loading-spinner"
  >
    Loading ...
  </div>
</DocumentFragment>
`;
